// Jest Snapshot v1, https://goo.gl/fbAQLP

exports[`should render ExpenseListItem with one expense 1`] = `
<div>
  <Link
    replace={false}
    to="/edit/2"
  >
    <h3>
      rEnt bill
    </h3>
  </Link>
  <p>
    109500
     - 
    -345600000
  </p>
</div>
`;
